<?xml version="1.0" encoding="utf-8"?><testsuites name="pytest tests"><testsuite name="pytest" errors="0" failures="3" skipped="27" tests="323" time="9.869" timestamp="2025-11-28T13:17:08.027970+00:00" hostname="Cashs-MacBook-Pro.local"><testcase classname="backend.apps.construction.tests.test_models.TestProjectModel" name="test_create_project" time="0.211" /><testcase classname="backend.apps.construction.tests.test_models.TestProjectModel" name="test_project_without_account" time="0.005" /><testcase classname="backend.apps.construction.tests.test_models.TestProjectModel" name="test_project_progress_percentage" time="0.005" /><testcase classname="backend.apps.construction.tests.test_models.TestProjectModel" name="test_project_zero_progress" time="0.010" /><testcase classname="backend.apps.construction.tests.test_models.TestProjectModel" name="test_project_timestamps" time="0.006" /><testcase classname="backend.apps.construction.tests.test_models.TestProjectModel" name="test_project_status_values" time="0.011" /><testcase classname="backend.apps.construction.tests.test_models.TestTransactionModel" name="test_create_transaction" time="0.014" /><testcase classname="backend.apps.construction.tests.test_models.TestTransactionModel" name="test_transaction_without_project" time="0.006" /><testcase classname="backend.apps.construction.tests.test_models.TestTransactionModel" name="test_transaction_income_type" time="0.009" /><testcase classname="backend.apps.construction.tests.test_models.TestTransactionModel" name="test_transaction_default_type" time="0.008" /><testcase classname="backend.apps.construction.tests.test_models.TestTransactionModel" name="test_transaction_categories" time="0.011" /><testcase classname="backend.apps.construction.tests.test_models.TestEquipmentModel" name="test_create_equipment" time="0.019" /><testcase classname="backend.apps.construction.tests.test_models.TestEquipmentModel" name="test_equipment_status_values" time="0.008" /><testcase classname="backend.apps.construction.tests.test_models.TestEquipmentModel" name="test_equipment_without_assignments" time="0.008" /><testcase classname="backend.apps.construction.tests.test_models.TestEquipmentModel" name="test_equipment_timestamps" time="0.006" /><testcase classname="backend.apps.construction.tests.test_models.TestEquipmentModel" name="test_equipment_serial_number" time="0.007" /><testcase classname="backend.apps.construction.tests.test_models.TestSafetyInspectionModel" name="test_create_safety_inspection" time="0.011" /><testcase classname="backend.apps.construction.tests.test_models.TestSafetyInspectionModel" name="test_inspection_without_project" time="0.010" /><testcase classname="backend.apps.construction.tests.test_models.TestSafetyInspectionModel" name="test_inspection_types" time="0.012" /><testcase classname="backend.apps.construction.tests.test_models.TestSafetyInspectionModel" name="test_inspection_findings_and_actions" time="0.009" /><testcase classname="backend.apps.construction.tests.test_models.TestSafetyInspectionModel" name="test_inspection_status_values" time="0.010" /><testcase classname="backend.apps.construction.tests.test_models.TestDocumentModel" name="test_create_document" time="0.011" /><testcase classname="backend.apps.construction.tests.test_models.TestDocumentModel" name="test_document_without_project" time="0.007" /><testcase classname="backend.apps.construction.tests.test_models.TestDocumentModel" name="test_document_version_increment" time="0.012" /><testcase classname="backend.apps.construction.tests.test_models.TestDocumentModel" name="test_document_categories" time="0.011" /><testcase classname="backend.apps.construction.tests.test_models.TestDocumentModel" name="test_document_default_version" time="0.012" /><testcase classname="backend.apps.construction.tests.test_views.TestProjectViewSet" name="test_list_projects" time="0.842" /><testcase classname="backend.apps.construction.tests.test_views.TestProjectViewSet" name="test_create_project" time="0.020"><failure message="assert 400 == 201&#10; +  where 400 = &lt;Response status_code=400, &quot;application/json&quot;&gt;.status_code&#10; +  and   201 = status.HTTP_201_CREATED">backend/apps/construction/tests/test_views.py:51: in test_create_project
    assert response.status_code == status.HTTP_201_CREATED
E   assert 400 == 201
E    +  where 400 = &lt;Response status_code=400, "application/json"&gt;.status_code
E    +  and   201 = status.HTTP_201_CREATED</failure></testcase><testcase classname="backend.apps.construction.tests.test_views.TestProjectViewSet" name="test_get_project_detail" time="0.037" /><testcase classname="backend.apps.construction.tests.test_views.TestProjectViewSet" name="test_update_project_progress" time="0.043" /><testcase classname="backend.apps.construction.tests.test_views.TestProjectViewSet" name="test_update_project_status" time="0.018" /><testcase classname="backend.apps.construction.tests.test_views.TestProjectViewSet" name="test_delete_project" time="0.020" /><testcase classname="backend.apps.construction.tests.test_views.TestProjectViewSet" name="test_filter_projects_by_status" time="0.018" /><testcase classname="backend.apps.construction.tests.test_views.TestProjectViewSet" name="test_search_projects_by_name" time="0.082" /><testcase classname="backend.apps.construction.tests.test_views.TestTransactionViewSet" name="test_list_transactions" time="0.026" /><testcase classname="backend.apps.construction.tests.test_views.TestTransactionViewSet" name="test_create_transaction" time="0.013" /><testcase classname="backend.apps.construction.tests.test_views.TestTransactionViewSet" name="test_filter_transactions_by_type" time="0.016" /><testcase classname="backend.apps.construction.tests.test_views.TestTransactionViewSet" name="test_filter_transactions_by_project" time="0.017" /><testcase classname="backend.apps.construction.tests.test_views.TestEquipmentViewSet" name="test_list_equipment" time="0.020" /><testcase classname="backend.apps.construction.tests.test_views.TestEquipmentViewSet" name="test_create_equipment" time="0.011"><failure message="AttributeError: 'NoneType' object has no attribute 'id'">backend/apps/construction/tests/test_views.py:225: in test_create_equipment
    'assigned_to': employee.id,
                   ^^^^^^^^^^^
E   AttributeError: 'NoneType' object has no attribute 'id'</failure></testcase><testcase classname="backend.apps.construction.tests.test_views.TestEquipmentViewSet" name="test_update_equipment_status" time="0.014" /><testcase classname="backend.apps.construction.tests.test_views.TestEquipmentViewSet" name="test_filter_equipment_by_status" time="0.013" /><testcase classname="backend.apps.construction.tests.test_views.TestSafetyInspectionViewSet" name="test_list_safety_inspections" time="0.021" /><testcase classname="backend.apps.construction.tests.test_views.TestSafetyInspectionViewSet" name="test_create_safety_inspection" time="0.012" /><testcase classname="backend.apps.construction.tests.test_views.TestSafetyInspectionViewSet" name="test_update_inspection_status" time="0.015" /><testcase classname="backend.apps.construction.tests.test_views.TestSafetyInspectionViewSet" name="test_filter_inspections_by_type" time="0.015" /><testcase classname="backend.apps.construction.tests.test_views.TestDocumentViewSet" name="test_list_documents" time="0.019" /><testcase classname="backend.apps.construction.tests.test_views.TestDocumentViewSet" name="test_create_document" time="0.020" /><testcase classname="backend.apps.construction.tests.test_views.TestDocumentViewSet" name="test_filter_documents_by_category" time="0.016" /><testcase classname="backend.apps.construction.tests.test_views.TestDashboardView" name="test_get_dashboard_data" time="0.038"><failure message="AssertionError: assert 'equipment' in {'clients': {'total': 52}, 'employees': {'total': 20}, 'financial': {'totalExpenses': 16535972.0}, 'net_cash_flow': -16535972.0, ...}">backend/apps/construction/tests/test_views.py:412: in test_get_dashboard_data
    assert 'equipment' in data
E   AssertionError: assert 'equipment' in {'clients': {'total': 52}, 'employees': {'total': 20}, 'financial': {'totalExpenses': 16535972.0}, 'net_cash_flow': -16535972.0, ...}</failure></testcase><testcase classname="backend.apps.core.tests.test_models.TestUserModel" name="test_create_user" time="0.028" /><testcase classname="backend.apps.core.tests.test_models.TestUserModel" name="test_user_str_representation" time="0.005" /><testcase classname="backend.apps.core.tests.test_models.TestUserModel" name="test_user_roles_property" time="0.005" /><testcase classname="backend.apps.core.tests.test_models.TestUserModel" name="test_user_roles_empty_azure_ad" time="0.005" /><testcase classname="backend.apps.core.tests.test_models.TestUserModel" name="test_user_has_role" time="0.005" /><testcase classname="backend.apps.core.tests.test_models.TestUserModel" name="test_user_has_any_role" time="0.005" /><testcase classname="backend.apps.core.tests.test_models.TestUserModel" name="test_user_unique_username" time="0.006" /><testcase classname="backend.apps.core.tests.test_models.TestUserModel" name="test_user_unique_email" time="0.007" /><testcase classname="backend.apps.core.tests.test_models.TestUserModel" name="test_admin_user_role" time="0.006" /><testcase classname="backend.apps.core.tests.test_models.TestUserModel" name="test_user_auto_timestamps" time="0.005" /><testcase classname="backend.apps.core.tests.test_models.TestEventModel" name="test_create_event" time="0.005" /><testcase classname="backend.apps.core.tests.test_models.TestEventModel" name="test_event_default_status" time="0.005" /><testcase classname="backend.apps.core.tests.test_models.TestEventModel" name="test_event_retry_count_default" time="0.005" /><testcase classname="backend.apps.core.tests.test_models.TestEventModel" name="test_event_processed_at_nullable" time="0.004" /><testcase classname="backend.apps.core.tests.test_models.TestAuditLogModel" name="test_create_audit_log" time="0.007" /><testcase classname="backend.apps.core.tests.test_models.TestAuditLogModel" name="test_audit_log_without_user" time="0.004" /><testcase classname="backend.apps.core.tests.test_models.TestAuditLogModel" name="test_audit_log_with_old_and_new_values" time="0.006" /><testcase classname="backend.apps.core.tests.test_models.TestFavoriteModel" name="test_create_favorite" time="0.007" /><testcase classname="backend.apps.core.tests.test_models.TestFavoriteModel" name="test_favorite_str_representation" time="0.006" /><testcase classname="backend.apps.core.tests.test_models.TestFavoriteModel" name="test_favorite_unique_constraint" time="0.006" /><testcase classname="backend.apps.core.tests.test_models.TestFavoriteModel" name="test_favorite_with_subtitle" time="0.006" /><testcase classname="backend.apps.core.tests.test_models.TestFavoriteModel" name="test_cascade_delete_on_user" time="0.032" /><testcase classname="backend.apps.core.tests.test_rbac_permissions.TestSystemAdminPermissions" name="test_admin_can_read_all_accounts" time="0.257" /><testcase classname="backend.apps.core.tests.test_rbac_permissions.TestSystemAdminPermissions" name="test_admin_can_create_account" time="0.017" /><testcase classname="backend.apps.core.tests.test_rbac_permissions.TestSystemAdminPermissions" name="test_admin_can_delete_across_all_sites" time="0.152" /><testcase classname="backend.apps.core.tests.test_rbac_permissions.TestSystemAdminPermissions" name="test_admin_can_access_sensitive_hr_data" time="0.017" /><testcase classname="backend.apps.core.tests.test_rbac_permissions.TestSystemAdminPermissions" name="test_admin_can_approve_invoices" time="0.024" /><testcase classname="backend.apps.core.tests.test_rbac_permissions.TestExecutiveViewerPermissions" name="test_executive_can_read_all_accounts" time="0.054" /><testcase classname="backend.apps.core.tests.test_rbac_permissions.TestExecutiveViewerPermissions" name="test_executive_can_read_all_projects" time="0.080" /><testcase classname="backend.apps.core.tests.test_rbac_permissions.TestExecutiveViewerPermissions" name="test_executive_can_read_invoices" time="0.049" /><testcase classname="backend.apps.core.tests.test_rbac_permissions.TestExecutiveViewerPermissions" name="test_executive_can_read_employees" time="0.025" /><testcase classname="backend.apps.core.tests.test_rbac_permissions.TestExecutiveWriteRestrictions" name="test_executive_cannot_create_account" time="0.001"><skipped type="pytest.skip" message="RBAC not enforced - Executive should be read-only">/Users/cash/ConstructOS/backend/apps/core/tests/test_rbac_permissions.py:187: RBAC not enforced - Executive should be read-only</skipped></testcase><testcase classname="backend.apps.core.tests.test_rbac_permissions.TestExecutiveWriteRestrictions" name="test_executive_cannot_delete_records" time="0.001"><skipped type="pytest.skip" message="RBAC not enforced - Executive should be read-only">/Users/cash/ConstructOS/backend/apps/core/tests/test_rbac_permissions.py:199: RBAC not enforced - Executive should be read-only</skipped></testcase><testcase classname="backend.apps.core.tests.test_rbac_permissions.TestExecutiveWriteRestrictions" name="test_executive_cannot_modify_invoice_status" time="0.001"><skipped type="pytest.skip" message="RBAC not enforced - Executive should be read-only">/Users/cash/ConstructOS/backend/apps/core/tests/test_rbac_permissions.py:206: RBAC not enforced - Executive should be read-only</skipped></testcase><testcase classname="backend.apps.core.tests.test_rbac_permissions.TestFinanceManagerPermissions" name="test_finance_can_read_all_invoices" time="0.068" /><testcase classname="backend.apps.core.tests.test_rbac_permissions.TestFinanceManagerPermissions" name="test_finance_can_modify_invoices" time="0.025" /><testcase classname="backend.apps.core.tests.test_rbac_permissions.TestFinanceManagerPermissions" name="test_finance_can_read_payments" time="0.018" /><testcase classname="backend.apps.core.tests.test_rbac_permissions.TestFinanceManagerPermissions" name="test_finance_can_read_accounts" time="0.045" /><testcase classname="backend.apps.core.tests.test_rbac_permissions.TestFinanceSoDRestrictions" name="test_finance_cannot_access_sensitive_hr_records" time="0.001"><skipped type="pytest.skip" message="SoD not enforced - Finance cannot access sensitive HR data">/Users/cash/ConstructOS/backend/apps/core/tests/test_rbac_permissions.py:271: SoD not enforced - Finance cannot access sensitive HR data</skipped></testcase><testcase classname="backend.apps.core.tests.test_rbac_permissions.TestFinanceSoDRestrictions" name="test_finance_cannot_modify_payroll" time="0.001"><skipped type="pytest.skip" message="SoD not enforced - Finance cannot modify payroll">/Users/cash/ConstructOS/backend/apps/core/tests/test_rbac_permissions.py:278: SoD not enforced - Finance cannot modify payroll</skipped></testcase><testcase classname="backend.apps.core.tests.test_rbac_permissions.TestHRSpecialistPermissions" name="test_hr_can_read_all_employees" time="0.028" /><testcase classname="backend.apps.core.tests.test_rbac_permissions.TestHRSpecialistPermissions" name="test_hr_can_access_employee_details" time="0.017" /><testcase classname="backend.apps.core.tests.test_rbac_permissions.TestHRSpecialistPermissions" name="test_hr_can_modify_employees" time="0.019" /><testcase classname="backend.apps.core.tests.test_rbac_permissions.TestHRSpecialistPermissions" name="test_hr_can_read_payroll" time="0.040" /><testcase classname="backend.apps.core.tests.test_rbac_permissions.TestHRSoDRestrictions" name="test_hr_cannot_approve_invoices" time="0.001"><skipped type="pytest.skip" message="SoD not enforced - HR cannot approve invoices">/Users/cash/ConstructOS/backend/apps/core/tests/test_rbac_permissions.py:344: SoD not enforced - HR cannot approve invoices</skipped></testcase><testcase classname="backend.apps.core.tests.test_rbac_permissions.TestHRSoDRestrictions" name="test_hr_cannot_modify_invoice_payment_status" time="0.001"><skipped type="pytest.skip" message="SoD not enforced - HR cannot modify payments">/Users/cash/ConstructOS/backend/apps/core/tests/test_rbac_permissions.py:355: SoD not enforced - HR cannot modify payments</skipped></testcase><testcase classname="backend.apps.core.tests.test_rbac_permissions.TestSalesRepPermissions" name="test_sales_can_view_own_leads" time="0.018" /><testcase classname="backend.apps.core.tests.test_rbac_permissions.TestSalesRepPermissions" name="test_sales_can_edit_own_leads" time="0.017" /><testcase classname="backend.apps.core.tests.test_rbac_permissions.TestSalesRepPermissions" name="test_sales_can_view_own_opportunities" time="0.027" /><testcase classname="backend.apps.core.tests.test_rbac_permissions.TestSalesRepPermissions" name="test_sales_can_read_products" time="0.031" /><testcase classname="backend.apps.core.tests.test_rbac_permissions.TestSalesRepPermissions" name="test_sales_can_read_accounts" time="0.047" /><testcase classname="backend.apps.core.tests.test_rbac_permissions.TestSalesOwnershipRestrictions" name="test_sales_cannot_view_other_leads" time="0.001"><skipped type="pytest.skip" message="Ownership filter not enforced on leads">/Users/cash/ConstructOS/backend/apps/core/tests/test_rbac_permissions.py:434: Ownership filter not enforced on leads</skipped></testcase><testcase classname="backend.apps.core.tests.test_rbac_permissions.TestSalesOwnershipRestrictions" name="test_sales_cannot_edit_other_leads" time="0.001"><skipped type="pytest.skip" message="Ownership filter not enforced on leads">/Users/cash/ConstructOS/backend/apps/core/tests/test_rbac_permissions.py:441: Ownership filter not enforced on leads</skipped></testcase><testcase classname="backend.apps.core.tests.test_rbac_permissions.TestSalesOwnershipRestrictions" name="test_sales_cannot_view_other_opportunities" time="0.000"><skipped type="pytest.skip" message="Ownership filter not enforced on opportunities">/Users/cash/ConstructOS/backend/apps/core/tests/test_rbac_permissions.py:452: Ownership filter not enforced on opportunities</skipped></testcase><testcase classname="backend.apps.core.tests.test_rbac_permissions.TestSiteManagerPermissions" name="test_site_manager_can_read_projects" time="0.068" /><testcase classname="backend.apps.core.tests.test_rbac_permissions.TestSiteManagerPermissions" name="test_site_manager_can_view_assigned_project" time="0.021" /><testcase classname="backend.apps.core.tests.test_rbac_permissions.TestSiteManagerPermissions" name="test_site_manager_can_edit_managed_project" time="0.025" /><testcase classname="backend.apps.core.tests.test_rbac_permissions.TestSiteManagerPermissions" name="test_site_manager_can_read_equipment" time="0.027" /><testcase classname="backend.apps.core.tests.test_rbac_permissions.TestSiteManagerPermissions" name="test_site_manager_can_read_stock" time="0.030" /><testcase classname="backend.apps.core.tests.test_rbac_permissions.TestSiteManagerGeographicRestrictions" name="test_site_manager_cannot_view_other_site_projects" time="0.001"><skipped type="pytest.skip" message="Geographic scope filter not enforced on projects">/Users/cash/ConstructOS/backend/apps/core/tests/test_rbac_permissions.py:518: Geographic scope filter not enforced on projects</skipped></testcase><testcase classname="backend.apps.core.tests.test_rbac_permissions.TestSiteManagerGeographicRestrictions" name="test_site_manager_cannot_edit_other_site_projects" time="0.000"><skipped type="pytest.skip" message="Geographic scope filter not enforced on projects">/Users/cash/ConstructOS/backend/apps/core/tests/test_rbac_permissions.py:525: Geographic scope filter not enforced on projects</skipped></testcase><testcase classname="backend.apps.core.tests.test_rbac_permissions.TestFieldWorkerPermissions" name="test_field_worker_can_read_projects" time="0.078" /><testcase classname="backend.apps.core.tests.test_rbac_permissions.TestFieldWorkerPermissions" name="test_field_worker_can_read_equipment" time="0.087" /><testcase classname="backend.apps.core.tests.test_rbac_permissions.TestFieldWorkerPermissions" name="test_field_worker_can_read_safety_inspections" time="0.046" /><testcase classname="backend.apps.core.tests.test_rbac_permissions.TestFieldWorkerRestrictions" name="test_field_worker_cannot_edit_projects" time="0.000"><skipped type="pytest.skip" message="Field worker edit restrictions not enforced">/Users/cash/ConstructOS/backend/apps/core/tests/test_rbac_permissions.py:579: Field worker edit restrictions not enforced</skipped></testcase><testcase classname="backend.apps.core.tests.test_rbac_permissions.TestFieldWorkerRestrictions" name="test_field_worker_cannot_access_financial_data" time="0.001"><skipped type="pytest.skip" message="Field worker financial access not enforced">/Users/cash/ConstructOS/backend/apps/core/tests/test_rbac_permissions.py:590: Field worker financial access not enforced</skipped></testcase><testcase classname="backend.apps.core.tests.test_rbac_permissions.TestWarehouseClerkPermissions" name="test_warehouse_clerk_can_read_stock" time="0.023" /><testcase classname="backend.apps.core.tests.test_rbac_permissions.TestWarehouseClerkPermissions" name="test_warehouse_clerk_can_read_products" time="0.031" /><testcase classname="backend.apps.core.tests.test_rbac_permissions.TestWarehouseClerkPermissions" name="test_warehouse_clerk_can_read_warehouses" time="0.016" /><testcase classname="backend.apps.core.tests.test_rbac_permissions.TestWarehouseClerkRestrictions" name="test_warehouse_clerk_cannot_access_other_warehouse" time="0.001"><skipped type="pytest.skip" message="Warehouse location filter not enforced">/Users/cash/ConstructOS/backend/apps/core/tests/test_rbac_permissions.py:639: Warehouse location filter not enforced</skipped></testcase><testcase classname="backend.apps.core.tests.test_rbac_permissions.TestWarehouseClerkRestrictions" name="test_warehouse_clerk_cannot_access_accounts" time="0.001"><skipped type="pytest.skip" message="Warehouse role cannot access accounts">/Users/cash/ConstructOS/backend/apps/core/tests/test_rbac_permissions.py:647: Warehouse role cannot access accounts</skipped></testcase><testcase classname="backend.apps.core.tests.test_rbac_permissions.TestSubcontractorPermissions" name="test_subcontractor_can_view_own_account" time="0.020" /><testcase classname="backend.apps.core.tests.test_rbac_permissions.TestSubcontractorPermissions" name="test_subcontractor_can_read_projects" time="0.077" /><testcase classname="backend.apps.core.tests.test_rbac_permissions.TestSubcontractorRestrictions" name="test_subcontractor_cannot_view_other_accounts" time="0.000"><skipped type="pytest.skip" message="External user ownership filter not enforced">/Users/cash/ConstructOS/backend/apps/core/tests/test_rbac_permissions.py:692: External user ownership filter not enforced</skipped></testcase><testcase classname="backend.apps.core.tests.test_rbac_permissions.TestSubcontractorRestrictions" name="test_subcontractor_cannot_access_internal_data" time="0.001"><skipped type="pytest.skip" message="External user restrictions not enforced">/Users/cash/ConstructOS/backend/apps/core/tests/test_rbac_permissions.py:700: External user restrictions not enforced</skipped></testcase><testcase classname="backend.apps.core.tests.test_rbac_permissions.TestClientPermissions" name="test_client_can_view_own_account" time="0.018" /><testcase classname="backend.apps.core.tests.test_rbac_permissions.TestClientPermissions" name="test_client_can_read_own_projects" time="0.024" /><testcase classname="backend.apps.core.tests.test_rbac_permissions.TestClientRestrictions" name="test_client_cannot_view_other_accounts" time="0.000"><skipped type="pytest.skip" message="Client account ownership not enforced">/Users/cash/ConstructOS/backend/apps/core/tests/test_rbac_permissions.py:746: Client account ownership not enforced</skipped></testcase><testcase classname="backend.apps.core.tests.test_rbac_permissions.TestClientRestrictions" name="test_client_cannot_view_other_projects" time="0.000"><skipped type="pytest.skip" message="Client project ownership not enforced">/Users/cash/ConstructOS/backend/apps/core/tests/test_rbac_permissions.py:754: Client project ownership not enforced</skipped></testcase><testcase classname="backend.apps.core.tests.test_rbac_permissions.TestClientRestrictions" name="test_client_cannot_modify_projects" time="0.001"><skipped type="pytest.skip" message="Client edit restrictions not enforced">/Users/cash/ConstructOS/backend/apps/core/tests/test_rbac_permissions.py:762: Client edit restrictions not enforced</skipped></testcase><testcase classname="backend.apps.core.tests.test_rbac_permissions.TestClientRestrictions" name="test_client_cannot_access_internal_data" time="0.000"><skipped type="pytest.skip" message="Client internal data access not enforced">/Users/cash/ConstructOS/backend/apps/core/tests/test_rbac_permissions.py:774: Client internal data access not enforced</skipped></testcase><testcase classname="backend.apps.core.tests.test_rbac_permissions.TestUnauthenticatedAccess" name="test_unauthenticated_cannot_access_accounts" time="0.000"><skipped type="pytest.skip" message="Authentication not enforced on API endpoints">/Users/cash/ConstructOS/backend/apps/core/tests/test_rbac_permissions.py:790: Authentication not enforced on API endpoints</skipped></testcase><testcase classname="backend.apps.core.tests.test_rbac_permissions.TestUnauthenticatedAccess" name="test_unauthenticated_cannot_access_projects" time="0.001"><skipped type="pytest.skip" message="Authentication not enforced on API endpoints">/Users/cash/ConstructOS/backend/apps/core/tests/test_rbac_permissions.py:796: Authentication not enforced on API endpoints</skipped></testcase><testcase classname="backend.apps.core.tests.test_rbac_permissions.TestUnauthenticatedAccess" name="test_unauthenticated_cannot_access_invoices" time="0.001"><skipped type="pytest.skip" message="Authentication not enforced on API endpoints">/Users/cash/ConstructOS/backend/apps/core/tests/test_rbac_permissions.py:802: Authentication not enforced on API endpoints</skipped></testcase><testcase classname="backend.apps.core.tests.test_rbac_permissions.TestUnauthenticatedAccess" name="test_unauthenticated_cannot_access_employees" time="0.000"><skipped type="pytest.skip" message="Authentication not enforced on API endpoints">/Users/cash/ConstructOS/backend/apps/core/tests/test_rbac_permissions.py:808: Authentication not enforced on API endpoints</skipped></testcase><testcase classname="backend.apps.core.tests.test_rbac_permissions.TestUnauthenticatedAccess" name="test_unauthenticated_cannot_access_leads" time="0.000"><skipped type="pytest.skip" message="Authentication not enforced on API endpoints">/Users/cash/ConstructOS/backend/apps/core/tests/test_rbac_permissions.py:814: Authentication not enforced on API endpoints</skipped></testcase><testcase classname="backend.apps.core.tests.test_rbac_permissions.TestSegregationOfDuties" name="test_finance_can_modify_invoices" time="0.025" /><testcase classname="backend.apps.core.tests.test_rbac_permissions.TestSegregationOfDuties" name="test_hr_can_modify_employees" time="0.017" /><testcase classname="backend.apps.core.tests.test_rbac_permissions.TestRBACTestCoverage" name="test_rbac_coverage_summary" time="0.004" /><testcase classname="backend.apps.core.tests.test_views.TestAuthMeView" name="test_auth_me_unauthenticated" time="0.007" /><testcase classname="backend.apps.core.tests.test_views.TestUnifiedSearchView" name="test_search_empty_query" time="0.007" /><testcase classname="backend.apps.core.tests.test_views.TestUnifiedSearchView" name="test_search_short_query" time="0.006" /><testcase classname="backend.apps.core.tests.test_views.TestUnifiedSearchView" name="test_search_with_results" time="0.027" /><testcase classname="backend.apps.core.tests.test_views.TestUnifiedSearchView" name="test_search_products" time="0.017" /><testcase classname="backend.apps.core.tests.test_views.TestUserViewSet" name="test_list_users_authenticated" time="0.023" /><testcase classname="backend.apps.core.tests.test_views.TestUserViewSet" name="test_create_user_authenticated" time="0.501" /><testcase classname="backend.apps.core.tests.test_views.TestUserViewSet" name="test_get_user_detail_authenticated" time="0.012" /><testcase classname="backend.apps.core.tests.test_views.TestUserViewSet" name="test_update_user_authenticated" time="0.013" /><testcase classname="backend.apps.core.tests.test_views.TestUserViewSet" name="test_delete_user_authenticated" time="0.037" /><testcase classname="backend.apps.core.tests.test_views.TestEventViewSet" name="test_list_events" time="0.031" /><testcase classname="backend.apps.core.tests.test_views.TestEventViewSet" name="test_create_event" time="0.009" /><testcase classname="backend.apps.core.tests.test_views.TestAuditLogViewSet" name="test_list_audit_logs" time="0.013" /><testcase classname="backend.apps.core.tests.test_views.TestAuditLogViewSet" name="test_cannot_create_audit_log_via_api" time="0.007" /><testcase classname="backend.apps.core.tests.test_views.TestFavoriteViewSet" name="test_list_favorites" time="0.012" /><testcase classname="backend.apps.core.tests.test_views.TestFavoriteViewSet" name="test_create_favorite" time="0.012" /><testcase classname="backend.apps.core.tests.test_views.TestFavoriteViewSet" name="test_filter_favorites_by_user" time="0.013" /><testcase classname="backend.apps.core.tests.test_views.TestFavoriteViewSet" name="test_delete_favorite" time="0.010" /><testcase classname="backend.apps.crm.tests.test_models.TestAccountModel" name="test_create_account" time="0.007" /><testcase classname="backend.apps.crm.tests.test_models.TestAccountModel" name="test_account_str_representation" time="0.006" /><testcase classname="backend.apps.crm.tests.test_models.TestAccountModel" name="test_account_payment_terms" time="0.009" /><testcase classname="backend.apps.crm.tests.test_models.TestAccountModel" name="test_account_credit_limit" time="0.020" /><testcase classname="backend.apps.crm.tests.test_models.TestAccountModel" name="test_account_unique_account_number" time="0.018" /><testcase classname="backend.apps.crm.tests.test_models.TestAccountModel" name="test_account_default_type" time="0.010" /><testcase classname="backend.apps.crm.tests.test_models.TestAccountModel" name="test_account_default_payment_terms" time="0.031" /><testcase classname="backend.apps.crm.tests.test_models.TestAccountModel" name="test_account_timestamps" time="0.007" /><testcase classname="backend.apps.crm.tests.test_models.TestAccountModel" name="test_get_primary_billing_address" time="0.013" /><testcase classname="backend.apps.crm.tests.test_models.TestAccountModel" name="test_get_primary_shipping_address" time="0.014" /><testcase classname="backend.apps.crm.tests.test_models.TestAccountModel" name="test_get_primary_contact" time="0.014" /><testcase classname="backend.apps.crm.tests.test_models.TestContactModel" name="test_create_contact" time="0.008" /><testcase classname="backend.apps.crm.tests.test_models.TestContactModel" name="test_contact_str_representation" time="0.008" /><testcase classname="backend.apps.crm.tests.test_models.TestContactModel" name="test_contact_full_name_property" time="0.008" /><testcase classname="backend.apps.crm.tests.test_models.TestContactModel" name="test_contact_preferred_communication_default" time="0.008" /><testcase classname="backend.apps.crm.tests.test_models.TestContactModel" name="test_contact_opt_out_flags" time="0.008" /><testcase classname="backend.apps.crm.tests.test_models.TestAddressModel" name="test_create_billing_address" time="0.007" /><testcase classname="backend.apps.crm.tests.test_models.TestAddressModel" name="test_address_str_representation" time="0.007" /><testcase classname="backend.apps.crm.tests.test_models.TestAddressModel" name="test_address_validation_flags" time="0.008" /><testcase classname="backend.apps.crm.tests.test_models.TestLeadModel" name="test_create_lead" time="0.005" /><testcase classname="backend.apps.crm.tests.test_models.TestLeadModel" name="test_lead_estimated_value" time="0.005" /><testcase classname="backend.apps.crm.tests.test_models.TestLeadModel" name="test_lead_default_status" time="0.007" /><testcase classname="backend.apps.crm.tests.test_models.TestLeadModel" name="test_lead_conversion" time="0.015" /><testcase classname="backend.apps.crm.tests.test_models.TestOpportunityModel" name="test_create_opportunity" time="0.008" /><testcase classname="backend.apps.crm.tests.test_models.TestOpportunityModel" name="test_opportunity_default_status" time="0.007" /><testcase classname="backend.apps.crm.tests.test_models.TestOpportunityModel" name="test_opportunity_with_stage" time="0.008" /><testcase classname="backend.apps.crm.tests.test_models.TestCampaignModel" name="test_create_campaign" time="0.006" /><testcase classname="backend.apps.crm.tests.test_models.TestCampaignModel" name="test_campaign_default_status" time="0.005" /><testcase classname="backend.apps.crm.tests.test_models.TestCampaignModel" name="test_campaign_date_range" time="0.005" /><testcase classname="backend.apps.crm.tests.test_models.TestTicketModel" name="test_create_ticket" time="0.009" /><testcase classname="backend.apps.crm.tests.test_models.TestTicketModel" name="test_ticket_unique_number" time="0.005" /><testcase classname="backend.apps.crm.tests.test_models.TestTicketModel" name="test_ticket_with_sla" time="0.011" /><testcase classname="backend.apps.crm.tests.test_models.TestTicketModel" name="test_ticket_resolution" time="0.010" /><testcase classname="backend.apps.crm.tests.test_models.TestSlaModel" name="test_create_sla" time="0.005" /><testcase classname="backend.apps.crm.tests.test_models.TestSlaModel" name="test_sla_priority_levels" time="0.006" /><testcase classname="backend.apps.crm.tests.test_models.TestClientModel" name="test_create_client" time="0.009" /><testcase classname="backend.apps.crm.tests.test_models.TestClientModel" name="test_client_timestamps" time="0.007" /><testcase classname="backend.apps.crm.tests.test_views.TestAccountViewSet" name="test_list_accounts" time="0.030" /><testcase classname="backend.apps.crm.tests.test_views.TestAccountViewSet" name="test_create_account" time="0.012" /><testcase classname="backend.apps.crm.tests.test_views.TestAccountViewSet" name="test_get_account_detail" time="0.015" /><testcase classname="backend.apps.crm.tests.test_views.TestAccountViewSet" name="test_update_account" time="0.018" /><testcase classname="backend.apps.crm.tests.test_views.TestAccountViewSet" name="test_delete_account" time="0.027" /><testcase classname="backend.apps.crm.tests.test_views.TestAccountViewSet" name="test_filter_accounts_by_status" time="0.031" /><testcase classname="backend.apps.crm.tests.test_views.TestAccountViewSet" name="test_filter_accounts_by_type" time="0.020" /><testcase classname="backend.apps.crm.tests.test_views.TestAccountViewSet" name="test_account_lookup" time="0.015" /><testcase classname="backend.apps.crm.tests.test_views.TestAccountViewSet" name="test_account_lookup_short_term" time="0.006" /><testcase classname="backend.apps.crm.tests.test_views.TestAccountViewSet" name="test_account_related_data" time="0.023" /><testcase classname="backend.apps.crm.tests.test_views.TestContactViewSet" name="test_list_contacts" time="0.033" /><testcase classname="backend.apps.crm.tests.test_views.TestContactViewSet" name="test_create_contact" time="0.015" /><testcase classname="backend.apps.crm.tests.test_views.TestContactViewSet" name="test_get_contact_detail" time="0.015" /><testcase classname="backend.apps.crm.tests.test_views.TestContactViewSet" name="test_filter_contacts_by_account" time="0.021" /><testcase classname="backend.apps.crm.tests.test_views.TestLeadViewSet" name="test_list_leads" time="0.019" /><testcase classname="backend.apps.crm.tests.test_views.TestLeadViewSet" name="test_create_lead" time="0.009" /><testcase classname="backend.apps.crm.tests.test_views.TestLeadViewSet" name="test_convert_lead" time="0.019" /><testcase classname="backend.apps.crm.tests.test_views.TestOpportunityViewSet" name="test_list_opportunities" time="0.022" /><testcase classname="backend.apps.crm.tests.test_views.TestOpportunityViewSet" name="test_create_opportunity" time="0.014" /><testcase classname="backend.apps.crm.tests.test_views.TestTicketViewSet" name="test_list_tickets" time="0.018" /><testcase classname="backend.apps.crm.tests.test_views.TestTicketViewSet" name="test_create_ticket" time="0.014" /><testcase classname="backend.apps.crm.tests.test_views.TestTicketViewSet" name="test_filter_tickets_by_priority" time="0.018" /><testcase classname="backend.apps.crm.tests.test_views.TestCampaignViewSet" name="test_list_campaigns" time="0.017" /><testcase classname="backend.apps.crm.tests.test_views.TestCampaignViewSet" name="test_create_campaign" time="0.010" /><testcase classname="backend.apps.crm.tests.test_views.TestSlaViewSet" name="test_list_slas" time="0.012" /><testcase classname="backend.apps.crm.tests.test_views.TestSlaViewSet" name="test_create_sla" time="0.009" /><testcase classname="backend.apps.crm.tests.test_views.TestClientViewSet" name="test_list_clients" time="0.016" /><testcase classname="backend.apps.crm.tests.test_views.TestClientViewSet" name="test_create_client" time="0.022" /><testcase classname="backend.apps.erp.tests.test_models.TestWarehouseModel" name="test_create_warehouse" time="0.013" /><testcase classname="backend.apps.erp.tests.test_models.TestWarehouseModel" name="test_warehouse_unique_code" time="0.009" /><testcase classname="backend.apps.erp.tests.test_models.TestWarehouseModel" name="test_warehouse_default_active_status" time="0.009" /><testcase classname="backend.apps.erp.tests.test_models.TestProductModel" name="test_create_product" time="0.008" /><testcase classname="backend.apps.erp.tests.test_models.TestProductModel" name="test_product_unique_sku" time="0.006" /><testcase classname="backend.apps.erp.tests.test_models.TestProductModel" name="test_product_profit_margin" time="0.006" /><testcase classname="backend.apps.erp.tests.test_models.TestProductModel" name="test_product_reorder_levels" time="0.006" /><testcase classname="backend.apps.erp.tests.test_models.TestStockItemModel" name="test_create_stock_item" time="0.011" /><testcase classname="backend.apps.erp.tests.test_models.TestStockItemModel" name="test_stock_item_cascade_on_product_delete" time="0.019" /><testcase classname="backend.apps.erp.tests.test_models.TestInvoiceModel" name="test_create_invoice" time="0.008" /><testcase classname="backend.apps.erp.tests.test_models.TestInvoiceModel" name="test_invoice_unique_number" time="0.009" /><testcase classname="backend.apps.erp.tests.test_models.TestInvoiceModel" name="test_invoice_payment_tracking" time="0.008" /><testcase classname="backend.apps.erp.tests.test_models.TestInvoiceModel" name="test_invoice_status_transitions" time="0.010" /><testcase classname="backend.apps.erp.tests.test_models.TestPaymentModel" name="test_create_payment" time="0.008" /><testcase classname="backend.apps.erp.tests.test_models.TestPaymentModel" name="test_payment_unique_number" time="0.007" /><testcase classname="backend.apps.erp.tests.test_models.TestPaymentModel" name="test_payment_methods" time="0.013" /><testcase classname="backend.apps.erp.tests.test_models.TestEmployeeModel" name="test_create_employee" time="0.007" /><testcase classname="backend.apps.erp.tests.test_models.TestEmployeeModel" name="test_employee_unique_number" time="0.007" /><testcase classname="backend.apps.erp.tests.test_models.TestEmployeeModel" name="test_employee_status_values" time="0.008" /><testcase classname="backend.apps.erp.tests.test_models.TestPayrollRecordModel" name="test_create_payroll_record" time="0.006" /><testcase classname="backend.apps.erp.tests.test_models.TestPayrollRecordModel" name="test_payroll_calculation" time="0.007" /><testcase classname="backend.apps.erp.tests.test_models.TestLeaveRequestModel" name="test_create_leave_request" time="0.009" /><testcase classname="backend.apps.erp.tests.test_models.TestLeaveRequestModel" name="test_leave_types" time="0.010" /><testcase classname="backend.apps.erp.tests.test_models.TestLeaveRequestModel" name="test_leave_status_workflow" time="0.009" /><testcase classname="backend.apps.erp.tests.test_models.TestSalesOrderModel" name="test_create_sales_order" time="0.008" /><testcase classname="backend.apps.erp.tests.test_models.TestSalesOrderModel" name="test_sales_order_unique_number" time="0.009" /><testcase classname="backend.apps.erp.tests.test_models.TestPurchaseOrderModel" name="test_create_purchase_order" time="0.012" /><testcase classname="backend.apps.erp.tests.test_models.TestPurchaseOrderModel" name="test_purchase_order_status_workflow" time="0.012" /><testcase classname="backend.apps.erp.tests.test_views.TestWarehouseViewSet" name="test_list_warehouses" time="0.014" /><testcase classname="backend.apps.erp.tests.test_views.TestWarehouseViewSet" name="test_create_warehouse" time="0.012" /><testcase classname="backend.apps.erp.tests.test_views.TestWarehouseViewSet" name="test_get_warehouse_detail" time="0.011" /><testcase classname="backend.apps.erp.tests.test_views.TestProductViewSet" name="test_list_products" time="0.022" /><testcase classname="backend.apps.erp.tests.test_views.TestProductViewSet" name="test_create_product" time="0.011" /><testcase classname="backend.apps.erp.tests.test_views.TestProductViewSet" name="test_product_lookup" time="0.010" /><testcase classname="backend.apps.erp.tests.test_views.TestInvoiceViewSet" name="test_list_invoices" time="0.023" /><testcase classname="backend.apps.erp.tests.test_views.TestInvoiceViewSet" name="test_create_invoice" time="0.016" /><testcase classname="backend.apps.erp.tests.test_views.TestInvoiceViewSet" name="test_update_invoice_status" time="0.016" /><testcase classname="backend.apps.erp.tests.test_views.TestPaymentViewSet" name="test_list_payments" time="0.017" /><testcase classname="backend.apps.erp.tests.test_views.TestPaymentViewSet" name="test_create_payment" time="0.014" /><testcase classname="backend.apps.erp.tests.test_views.TestEmployeeViewSet" name="test_list_employees" time="0.020" /><testcase classname="backend.apps.erp.tests.test_views.TestEmployeeViewSet" name="test_create_employee" time="0.011" /><testcase classname="backend.apps.erp.tests.test_views.TestEmployeeViewSet" name="test_filter_employees_by_department" time="0.017" /><testcase classname="backend.apps.erp.tests.test_views.TestPayrollRecordViewSet" name="test_list_payroll_records" time="0.028" /><testcase classname="backend.apps.erp.tests.test_views.TestPayrollRecordViewSet" name="test_create_payroll_record" time="0.013" /><testcase classname="backend.apps.erp.tests.test_views.TestSalesOrderViewSet" name="test_list_sales_orders" time="0.021" /><testcase classname="backend.apps.erp.tests.test_views.TestSalesOrderViewSet" name="test_create_sales_order" time="0.015" /><testcase classname="backend.apps.erp.tests.test_views.TestPurchaseOrderViewSet" name="test_list_purchase_orders" time="0.020" /><testcase classname="backend.apps.erp.tests.test_views.TestPurchaseOrderViewSet" name="test_create_purchase_order" time="0.016" /><testcase classname="backend.tests.test_integration.TestCrmErpIntegration" name="test_lead_conversion_to_account_and_contact" time="0.024" /><testcase classname="backend.tests.test_integration.TestCrmErpIntegration" name="test_account_with_invoices_and_payments" time="0.012" /><testcase classname="backend.tests.test_integration.TestCrmErpIntegration" name="test_account_related_data_endpoint" time="0.024" /><testcase classname="backend.tests.test_integration.TestDomainEventsSync" name="test_account_created_event" time="0.009" /><testcase classname="backend.tests.test_integration.TestDomainEventsSync" name="test_account_updated_event" time="0.009" /><testcase classname="backend.tests.test_integration.TestDomainEventsSync" name="test_contact_created_event" time="0.010" /><testcase classname="backend.tests.test_integration.TestProjectConstructionFlow" name="test_project_with_transactions" time="0.013" /><testcase classname="backend.tests.test_integration.TestProjectConstructionFlow" name="test_project_with_equipment_and_inspections" time="0.009" /><testcase classname="backend.tests.test_integration.TestInventoryFlow" name="test_product_stock_management" time="0.011" /><testcase classname="backend.tests.test_integration.TestInventoryFlow" name="test_purchase_order_to_stock" time="0.014" /><testcase classname="backend.tests.test_integration.TestSalesFlow" name="test_sales_order_to_invoice" time="0.011" /><testcase classname="backend.tests.test_integration.TestFavoritesSystem" name="test_favorite_project_workflow" time="0.019" /><testcase classname="backend.tests.test_integration.TestFavoritesSystem" name="test_favorite_account_workflow" time="0.013" /><testcase classname="backend.tests.test_integration.TestUnifiedSearchIntegration" name="test_search_across_multiple_entities" time="0.022" /><testcase classname="backend.tests.test_integration.TestHRPayrollFlow" name="test_employee_payroll_cycle" time="0.011" /><testcase classname="backend.tests.test_integration.TestHRPayrollFlow" name="test_employee_leave_request" time="0.011" /><testcase classname="backend.tests.test_integration.TestDashboardData" name="test_dashboard_aggregates_data" time="0.022" /><testcase classname="backend.tests.test_permissions.TestRBACUserRoles" name="test_user_role_assignment" time="0.005" /><testcase classname="backend.tests.test_permissions.TestRBACUserRoles" name="test_admin_has_all_roles" time="0.005" /><testcase classname="backend.tests.test_permissions.TestRBACUserRoles" name="test_user_azure_ad_roles_integration" time="0.005" /><testcase classname="backend.tests.test_permissions.TestAuthenticatedVsUnauthenticated" name="test_authenticated_can_list_users" time="0.020" /><testcase classname="backend.tests.test_permissions.TestAuthenticatedVsUnauthenticated" name="test_authenticated_can_list_accounts" time="0.026" /><testcase classname="backend.tests.test_permissions.TestAuthenticatedVsUnauthenticated" name="test_authenticated_can_list_projects" time="0.036" /><testcase classname="backend.tests.test_permissions.TestAuthenticatedVsUnauthenticated" name="test_authenticated_can_create_account" time="0.014" /><testcase classname="backend.tests.test_permissions.TestAuthenticatedVsUnauthenticated" name="test_finance_user_can_access_invoices" time="0.024" /><testcase classname="backend.tests.test_permissions.TestAuthenticatedVsUnauthenticated" name="test_hr_user_can_access_employees" time="0.024" /><testcase classname="backend.tests.test_permissions.TestAuthenticatedVsUnauthenticated" name="test_site_manager_can_access_projects" time="0.042" /><testcase classname="backend.tests.test_permissions.TestAuthenticatedVsUnauthenticated" name="test_operations_user_can_access_warehouses" time="0.012" /><testcase classname="backend.tests.test_permissions.TestValidationErrors" name="test_create_user_missing_required_fields" time="0.008" /><testcase classname="backend.tests.test_permissions.TestValidationErrors" name="test_create_account_missing_required_fields" time="0.010" /><testcase classname="backend.tests.test_permissions.TestValidationErrors" name="test_create_project_missing_required_fields" time="0.009" /><testcase classname="backend.tests.test_permissions.TestValidationErrors" name="test_create_invoice_missing_required_fields" time="0.009" /><testcase classname="backend.tests.test_permissions.TestValidationErrors" name="test_duplicate_username_error" time="0.015" /><testcase classname="backend.tests.test_permissions.TestValidationErrors" name="test_duplicate_account_number_error" time="0.014" /><testcase classname="backend.tests.test_permissions.TestNegativeFlows" name="test_get_nonexistent_user" time="0.008" /><testcase classname="backend.tests.test_permissions.TestNegativeFlows" name="test_get_nonexistent_account" time="0.012" /><testcase classname="backend.tests.test_permissions.TestNegativeFlows" name="test_get_nonexistent_project" time="0.010" /><testcase classname="backend.tests.test_permissions.TestNegativeFlows" name="test_update_nonexistent_resource" time="0.010" /><testcase classname="backend.tests.test_permissions.TestNegativeFlows" name="test_delete_nonexistent_resource" time="0.008" /><testcase classname="backend.tests.test_permissions.TestNegativeFlows" name="test_invalid_payment_terms" time="0.009" /><testcase classname="backend.tests.test_permissions.TestNegativeFlows" name="test_invalid_status_filter" time="0.011" /><testcase classname="backend.tests.test_permissions.TestEdgeCases" name="test_project_minimal_budget" time="0.008" /><testcase classname="backend.tests.test_permissions.TestEdgeCases" name="test_project_100_percent_progress" time="0.016" /><testcase classname="backend.tests.test_permissions.TestEdgeCases" name="test_empty_search_query" time="0.006" /><testcase classname="backend.tests.test_permissions.TestEdgeCases" name="test_very_long_search_query" time="0.018" /><testcase classname="backend.tests.test_permissions.TestEdgeCases" name="test_special_characters_in_search" time="0.016" /><testcase classname="backend.tests.test_permissions.TestEdgeCases" name="test_unicode_in_account_name" time="0.012" /><testcase classname="backend.tests.test_permissions.TestEdgeCases" name="test_large_budget_value" time="0.007" /><testcase classname="backend.tests.test_permissions.TestConcurrentOperations" name="test_create_multiple_accounts_sequentially" time="0.169" /><testcase classname="backend.tests.test_permissions.TestConcurrentOperations" name="test_rapid_status_updates" time="0.054" /><testcase classname="backend.tests.test_permissions.TestDataIntegrity" name="test_cascade_delete_contacts_on_account" time="0.025" /><testcase classname="backend.tests.test_permissions.TestDataIntegrity" name="test_foreign_key_set_null_on_delete" time="0.021" /><testcase classname="backend.tests.test_permissions.TestDataIntegrity" name="test_unique_ticket_number_constraint" time="0.019" /></testsuite></testsuites>